WWWWWWWWWWWWWWWWWWWWWWWWWWWWWWWWWWWWWWWWWWWWWWWWWWWWWWWWWWWWWWWWWWWWWWWWWWWWWWWWWWWWWWWWWWWWWWWWWWWW
W                                 C          Q          R                  V             H         W
W  D  V    E                                                      B                                W
W       A          H  P    E              Q   H                           K    R     FV          W W
W          O     Y   L      V      HS       E             T    F                    B              W
WJ    D  E                     T         X         M     U                                      G  W
W       P         F             U         S         P     V                   E                    W
W                XA         R     L              T                                                 W
W J       Y                F            H                        I Q  B    L    Y        D         W
W   U         C                                             AL Y                       I           W
W     S                                                          Y   T   J X                 U     W
W             AKC D  K            T                D                  B          G  U              W
WA                             L   C            N X                  I          C          T       W
W                                    B                  X                  W                   HL  W
W               Q       XS                              S                                          W
W           N        A          V    D     JQQ                            U        Y              WW
W F                               C                           R        V     Q         F           W
W                              E                           L            X    F                     W
W               W   B  H H         L    S        M                     N           P  I            W
W                           E  W         T                    J  OF                            L   W
WV                    T     DF  B                                               X         S        W
W                        U                    B    S                T         W                   UW
W                                          K       B        C     C     E                          W
WA         Q      J                                                      L            I         K  W
W            X           R           L           P                     D        U    E O         I W
W                                                       D         A            T   V               W
W           Y            J              WY              U                                        JPW
W    G K             Y                D            E           J  T             R                  W
W  S   Q                             W        C                                               W    W
W                  U          D                         C                 K                        W
W   P        Y  M                            U    K     P        J          Y                  E   W
WW     S           G              V      C         G                T   V     W                G   W
WN            W            G           O                   G     X                  V     E      Y W
W         E               G        O            F                                   A       A      W
W       U        H        J                                 K                 L H                  W
W        O       U        W                                                         YEX            W
W            K              Y                         FCS                         G                W
WH  J          D            I          Y       E               L  K         I                   I  W
W      M                Q                                                 D            F     S     W
W              V    W      T              J       L                        Q                       W
W                 A X                            M                        K       I                W
WR                   M               T  B                       B            Q                     W
W                 F             W                                        P     P              O    W
W        S                F       R                            B           U            J        U W
W                 D                  X       V          Y             W             H              W
W       H      L                                 K U   Y          W    S  M       L             P  W
W          G               O            T                   L   Q           S       P   M      QY  W
W            G    G                               D          I I         J  F     W              A W
W        C    X           L    P        D  A                     P      T                G         W
W            T                     R   A            F    O                         Q      E      D W
W  T                                                   S                Y  V                   L   W
W        Q      V                       K           X   K     T                        K   W       W
W              XJQ       W                  R         V         L           EV          V          W
W  I                  B                     F          M                   V                       W
W                                                 G              S   YO                   C        W
W  E             Q               T                           H         RK                          W
W       M         G   A            N                                U    G  T                      W
W           R    B          M                      P      R N                                  E   W
WU I S       KH                       P                                                            W
W             L   A        X             N                       L             IH              E   W
W          R                       L                                               F               W
W      L        J                  U         B                        A                            W
W         Y                           Y   X                         G    S      O        C         W
W     G             E        J      A                Y                               I           G W
W                               K                       P       Y                  D        X      W
W       C     U      B   R      D     E    U      Q                            I MH       B        W
W                                               S              R                   U  U  C         W
W    Y     C         N    V             I              X  T                                A       W
W         A                    D G     K                             U                            SW
W                     J                K                  P                                M       W
W         C M              Y          R               X                    G                    R  W
W        Q                          S                             F     X   E                      W
W                                P        U                   UM       J   H               H  W    W
W               P          Y            O                   S NS                  W             M MW
W                                                  X  HU                A    U J     L             W
W                        S                       O                         L            B          W
W            J                  V                       K     WM                   E               W
W            LF    Y                       L               Q   Q                   C   J           W
W            J                                               ISL Q          V                      W
W         K        U         B          L                                        T           A     W
W       MO                        I   W              B                             O           F   W
W       D      M  K        Q        U  H                          K              C                CW
W          W       U       O  V        H              J   R                       W S            U W
W                                              G              A        U         B                 W
W                            D                  X            A P    N              L        H      W
WJ                   O                                  A    H  G   C              B       E       W
W                                                    A                                             W
W                                                                R            D          Q         W
W   I               N    W      Q         U                                   X    J               W
W                      J      C                        UX                         K       R        W
W      C         K                 O     B                                   G         F           W
W      T       V                                                       O                           W
W    N                                                                                             W
W              R                               J                                    T    P         W
WO   B     Y              M              W  T       Q                                        L     W
W  H                           K   KE                              T                               W
W       K  A        N      J  Y     S  N      A                                     I      N       W
W                   D     T  X                           IT    D           E O                MQ   W
W         D  X                   H             J                           R            C      Y   W
WWWWWWWWWWWWWWWWWWWWWWWWWWWWWWWWWWWWWWWWWWWWWWWWWWWWWWWWWWWWWWWWWWWWWWWWWWWWWWWWWWWWWWWWWWWWWWWWWWWW
